
> Configure project :app
.\gradlew.bat : e: file:///C:/Users/WianDuRandt/.gemini/antigravity/scratch/FamilyTracker/app/build.gradle.kts:16:5: 
Expecting an element
At line:1 char:1
+ .\gradlew.bat assembleDebug > build_output.txt 2>&1
+ ~~~~~~~~~~~~~~~~~~~~~~~~~~~~~~~~~~~~~~~~~~~~~~~~~~~
    + CategoryInfo          : NotSpecified: (e: file:///C:/U...ting an element:String) [], RemoteException
    + FullyQualifiedErrorId : NativeCommandError
 
e: file:///C:/Users/WianDuRandt/.gemini/antigravity/scratch/FamilyTracker/app/build.gradle.kts:16:8: Unexpected tokens 
(use ';' to separate expressions on the same line)
e: file:///C:/Users/WianDuRandt/.gemini/antigravity/scratch/FamilyTracker/app/build.gradle.kts:17:21: Unresolved 
reference: v
e: file:///C:/Users/WianDuRandt/.gemini/antigravity/scratch/FamilyTracker/app/build.gradle.kts:51:9: Unresolved 
reference: isAbortOnError
e: file:///C:/Users/WianDuRandt/.gemini/antigravity/scratch/FamilyTracker/app/build.gradle.kts:52:9: Unresolved 
reference: isCheckReleaseBuilds

[Incubating] Problems report is available at: file:///C:/Users/WianDuRandt/.gemini/antigravity/scratch/FamilyTracker/build/reports/problems/problems-report.html

FAILURE: Build completed with 2 failures.

1: Task failed with an exception.
-----------
* Where:
Build file 'C:\Users\WianDuRandt\.gemini\antigravity\scratch\FamilyTracker\app\build.gradle.kts' line: 16

* What went wrong:
Script compilation errors:

  Line 16:     $v = [int]$args.Groups[1].Value + 1
               ^ Expecting an element

  Line 16:     $v = [int]$args.Groups[1].Value + 1
                  ^ Unexpected tokens (use ';' to separate expressions on the same line)

  Line 17:     "versionCode = $v" 
                               ^ Unresolved reference: v

  Line 51:         isAbortOnError = false
                   ^ Unresolved reference: isAbortOnError

  Line 52:         isCheckReleaseBuilds = false
                   ^ Unresolved reference: isCheckReleaseBuilds

5 errors

* Try:
> Run with --stacktrace option to get the stack trace.
> Run with --info or --debug option to get more log output.
> Run with --scan to get full insights.
> Get more help at https://help.gradle.org.
==============================================================================

2: Task failed with an exception.
-----------
* Where:
Build file 'C:\Users\WianDuRandt\.gemini\antigravity\scratch\FamilyTracker\app\build.gradle.kts' line: 16

* What went wrong:
Script compilation errors:

  Line 16:     $v = [int]$args.Groups[1].Value + 1
               ^ Expecting an element

  Line 16:     $v = [int]$args.Groups[1].Value + 1
                  ^ Unexpected tokens (use ';' to separate expressions on the same line)

  Line 17:     "versionCode = $v" 
                               ^ Unresolved reference: v

  Line 51:         isAbortOnError = false
                   ^ Unresolved reference: isAbortOnError

  Line 52:         isCheckReleaseBuilds = false
                   ^ Unresolved reference: isCheckReleaseBuilds

5 errors

* Try:
> Run with --stacktrace option to get the stack trace.
> Run with --info or --debug option to get more log output.
> Run with --scan to get full insights.
> Get more help at https://help.gradle.org.
==============================================================================

Deprecated Gradle features were used in this build, making it incompatible with Gradle 9.0.

You can use '--warning-mode all' to show the individual deprecation warnings and determine if they come from your own scripts or plugins.


BUILD FAILED in 2s
For more on this, please refer to https://docs.gradle.org/8.12/userguide/command_line_interface.html#sec:command_line_warnings in the Gradle documentation.
